# Copyright (C) 2025 Intel Corporation
# Under the Apache License v2.0 with LLVM Exceptions. See LICENSE.TXT.
# SPDX-License-Identifier: Apache-2.0 WITH LLVM-exception

# These functions are meant to be in unnamed scope. They are also not named
# with any umf prefix, as they should override functions with the same name.
{
    global:
        level_zero_mock;
        zeInit;
        zeDriverGet;
        zeDeviceGet;
        zeDeviceGetProperties;
        zeContextCreate;
        zeContextDestroy;
        zeCommandQueueCreate;
        zeCommandQueueDestroy;
        zeCommandQueueExecuteCommandLists;
        zeCommandQueueSynchronize;
        zeCommandListCreate;
        zeCommandListDestroy;
        zeCommandListClose;
        zeCommandListAppendMemoryCopy;
        zeCommandListAppendMemoryFill;
        zeContextMakeMemoryResident;
        zeContextEvictMemory;
        zeMemGetAllocProperties;
        zeMemAllocDevice;
        zeMemAllocHost;
        zeMemAllocShared;
        zeMemFree;
        zeMemFreeExt;
        zeMemGetIpcHandle;
        zeMemPutIpcHandle;
        zeMemOpenIpcHandle;
        zeMemCloseIpcHandle;
        zeDeviceGetMemoryProperties;
    local:
        *;
};
