# Copyright (C) 2024 Intel Corporation
# Under the Apache License v2.0 with LLVM Exceptions. See LICENSE.TXT.
# SPDX-License-Identifier: Apache-2.0 WITH LLVM-exception

UMF_1.0 {
    global:
        umfInit;
        umfTearDown;
        umfGetCurrentVersion;
        umfCloseIPCHandle;
        umfCoarseMemoryProviderGetStats;
        umfCoarseMemoryProviderOps;
        umfCUDAMemoryProviderOps;
        umfDevDaxMemoryProviderOps;
        umfFree;
        umfFileMemoryProviderOps;
        umfGetIPCHandle;
        umfGetLastFailedMemoryProvider;
        umfLevelZeroMemoryProviderOps;
        umfMemoryProviderAlloc;
        umfMemoryProviderAllocationMerge;
        umfMemoryProviderAllocationSplit;
        umfMemoryProviderCloseIPCHandle;
        umfMemoryProviderCreate;
        umfMemoryProviderCreateFromMemspace;
        umfMemoryProviderDestroy;
        umfMemoryProviderFree;
        umfMemoryProviderGetIPCHandle;
        umfMemoryProviderGetIPCHandleSize;
        umfMemoryProviderGetLastNativeError;
        umfMemoryProviderGetMinPageSize;
        umfMemoryProviderGetName;
        umfMemoryProviderGetRecommendedPageSize;
        umfMemoryProviderOpenIPCHandle;
        umfMemoryProviderPurgeForce;
        umfMemoryProviderPurgeLazy;
        umfMemoryProviderPutIPCHandle;
        umfMemoryTrackerGetAllocInfo;
        umfMempolicyCreate;
        umfMempolicyDestroy;
        umfMempolicySetCustomSplitPartitions;
        umfMempolicySetInterleavePartSize;
        umfMemspaceClone;
        umfMemspaceCreateFromNumaArray;
        umfMemspaceDestroy;
        umfMemspaceFilterByCapacity;
        umfMemspaceFilterById;
        umfMemspaceHighestBandwidthGet;
        umfMemspaceHighestCapacityGet;
        umfMemspaceHostAllGet;
        umfMemspaceLowestLatencyGet;
        umfMemspaceMemtargetAdd;
        umfMemspaceMemtargetGet;
        umfMemspaceMemtargetNum;
        umfMemspaceMemtargetRemove;
        umfMemspaceNew;
        umfMemspaceUserFilter;
        umfMemtargetGetCapacity;
        umfMemtargetGetId;
        umfMemtargetGetType;
        umfOpenIPCHandle;
        umfOsMemoryProviderOps;
        umfPoolAlignedMalloc;
        umfPoolByPtr;
        umfPoolCalloc;
        umfPoolCreate;
        umfPoolCreateFromMemspace;
        umfPoolDestroy;
        umfPoolFree;
        umfPoolGetIPCHandleSize;
        umfPoolGetLastAllocationError;
        umfPoolGetMemoryProvider;
        umfPoolMalloc;
        umfPoolMallocUsableSize;
        umfPoolRealloc;
        umfProxyPoolOps;
        umfPutIPCHandle;
        umfScalablePoolOps;
    local:
        *;
};
